#
# There is insufficient memory for the Java Runtime Environment to continue.
# Native memory allocation (mmap) failed to map 123731968 bytes. Error detail: G1 virtual space
# Possible reasons:
#   The system is out of physical RAM or swap space
#   This process is running with CompressedOops enabled, and the Java Heap may be blocking the growth of the native heap
# Possible solutions:
#   Reduce memory load on the system
#   Increase physical memory or swap space
#   Check if swap backing store is full
#   Decrease Java heap size (-Xmx/-Xms)
#   Decrease number of Java threads
#   Decrease Java thread stack sizes (-Xss)
#   Set larger code cache with -XX:ReservedCodeCacheSize=
#   JVM is running with Unscaled Compressed Oops mode in which the Java heap is
#     placed in the first 4GB address space. The Java Heap base address is the
#     maximum limit for the native heap growth. Please use -XX:HeapBaseMinAddress
#     to set the Java Heap base and to place the Java Heap above 4GB virtual address.
# This output file may be truncated or incomplete.
#
#  Out of Memory Error (os_windows.cpp:3554), pid=26480, tid=22280
#
# JRE version:  (25.0+37) (build )
# Java VM: Java HotSpot(TM) 64-Bit Server VM (25+37-LTS-3491, mixed mode, emulated-client, sharing, tiered, compressed oops, compressed class ptrs, g1 gc, windows-amd64)
# No core dump will be written. Minidumps are not enabled by default on client versions of Windows
#

---------------  S U M M A R Y ------------

Command Line: -XX:TieredStopAtLevel=1 -Dspring.output.ansi.enabled=always -Dcom.sun.management.jmxremote -Dspring.jmx.enabled=true -Dspring.liveBeansView.mbeanDomain -Dspring.application.admin.enabled=true -Dmanagement.endpoints.jmx.exposure.include=* -javaagent:C:\Program Files\JetBrains\IntelliJ IDEA 2025.2.2\lib\idea_rt.jar=35135 -Dfile.encoding=UTF-8 -Dsun.stdout.encoding=UTF-8 -Dsun.stderr.encoding=UTF-8 com.ecommerce.configserver.ConfigserverApplication

Host: AMD Ryzen 5 4500U with Radeon Graphics         , 6 cores, 7G,  Windows 11 , 64 bit Build 26100 (10.0.26100.5074)
Time: Tue Oct  7 17:05:52 2025 Arab Standard Time elapsed time: 0.360221 seconds (0d 0h 0m 0s)

---------------  T H R E A D  ---------------

Current thread (0x00000259a0976de0):  JavaThread "Unknown thread" [_thread_in_vm, id=22280, stack(0x0000006918700000,0x0000006918800000) (1024K)]

Stack: [0x0000006918700000,0x0000006918800000]
Native frames: (J=compiled Java code, j=interpreted, Vv=VM code, C=native code)
V  [jvm.dll+0x7a6a39]  (no source info available)
V  [jvm.dll+0x7727ed]  (no source info available)
V  [jvm.dll+0x965f33]  (no source info available)
V  [jvm.dll+0x968531]  (no source info available)
V  [jvm.dll+0x968c33]  (no source info available)
V  [jvm.dll+0x2fc756]  (no source info available)
V  [jvm.dll+0x7a2c65]  (no source info available)
V  [jvm.dll+0x796077]  (no source info available)
V  [jvm.dll+0x3f4698]  (no source info available)
V  [jvm.dll+0x3fc5b6]  (no source info available)
V  [jvm.dll+0x3e8c8e]  (no source info available)
V  [jvm.dll+0x3e8f48]  (no source info available)
V  [jvm.dll+0x3c0045]  (no source info available)
V  [jvm.dll+0x3c0cce]  (no source info available)
V  [jvm.dll+0x92c647]  (no source info available)
V  [jvm.dll+0x458b62]  (no source info available)
V  [jvm.dll+0x90fff2]  (no source info available)
V  [jvm.dll+0x4f9001]  (no source info available)
V  [jvm.dll+0x4fa891]  (no source info available)
C  [jli.dll+0x543e]  (no source info available)
C  [ucrtbase.dll+0x37b0]  (no source info available)
C  [KERNEL32.DLL+0x2e8d7]  (no source info available)
C  [ntdll.dll+0x8d9c]  (no source info available)

Lock stack of current Java thread (top to bottom):


---------------  P R O C E S S  ---------------

Threads class SMR info:
_java_thread_list=0x00007ff9cd895308, length=0, elements={
}

Java Threads: ( => current thread )
Total: 0

Other Threads:
  0x00000259a09cb3e0 WorkerThread "GC Thread#0"                     [id=12628, stack(0x0000006918800000,0x0000006918900000) (1024K)]
  0x00000259a09ffa50 ConcurrentGCThread "G1 Main Marker"            [id=28268, stack(0x0000006918900000,0x0000006918a00000) (1024K)]
  0x00000259a0a00d90 WorkerThread "G1 Conc#0"                       [id=7508, stack(0x0000006918a00000,0x0000006918b00000) (1024K)]

[error occurred during error reporting (printing all threads), id 0xc0000005, EXCEPTION_ACCESS_VIOLATION (0xc0000005) at pc=0x00007ff9ccf74c2a]
VM state: not at safepoint (not fully initialized)

VM Mutex/Monitor currently owned by a thread:  ([mutex/lock_event])
[0x00007ff9cd919628] Heap_lock - owner thread: 0x00000259a0976de0

Heap address: 0x000000008a200000, size: 1886 MB, Compressed Oops mode: 32-bit

CDS archive(s) mapped at: [0x0000000000000000-0x0000000000000000-0x0000000000000000), size 0, SharedBaseAddress: 0x0000000800000000, ArchiveRelocationMode: 1.
UseCompressedClassPointers 1, UseCompactObjectHeaders 0
Narrow klass pointer bits 32, Max shift 3
Narrow klass base: 0xffffffffffffffff, Narrow klass shift: -1
Encoding Range: [0xffffffffffffffff - 0x000000007fffffff), (2147483648 bytes)
Klass Range:    [0x0000000000000000 - 0x0000000000000000), (0 bytes)
Klass ID Range:  [4294967295 - 0) (1)
No protection zone.

GC Precious Log:
 CardTable entry size: 512
 Card Set container configuration: InlinePtr #cards 5 size 8 Array Of Cards #cards 10 size 36 Howl #buckets 4 coarsen threshold 1843 Howl Bitmap #cards 512 size 80 coarsen threshold 460 Card regions per heap region 1 cards per card region 2048

Heap:
 garbage-first heap   total reserved 1931264K, committed 0K, used 0K [0x000000008a200000, 0x0000000100000000)
  region size 1024K, 0 young (0K), 0 survivors (0K)

Heap Regions: E=young(eden), S=young(survivor), O=old, HS=humongous(starts), HC=humongous(continues), CS=collection set, F=free, TAMS=top-at-mark-start, PB=parsable bottom

Card table byte_map: [0x00000259ac6a0000,0x00000259aca50000] _byte_map_base: 0x00000259ac24f000

Marking Bits: (CMBitMap*) 0x00000259a09cbb70
 Bits: [0x00000259aca50000, 0x00000259ae7c8000)

GC Heap Usage History (0 events):
No events

Metaspace Usage History (0 events):
No events

Dll operation events (1 events):
Event: 0.020 Loaded shared library C:\Program Files\Java\jdk-25\bin\java.dll

Deoptimization events (0 events):
No events

Classes loaded (0 events):
No events

Classes unloaded (0 events):
No events

Classes redefined (0 events):
No events

Internal exceptions (0 events):
No events

VM Operations (0 events):
No events

Memory protections (0 events):
No events

Nmethod flushes (0 events):
No events

Events (0 events):
No events


Dynamic libraries:
0x00007ff68bdd0000 - 0x00007ff68bde0000 	C:\Program Files\Java\jdk-25\bin\java.exe
0x00007ffa64b20000 - 0x00007ffa64d89000 	C:\WINDOWS\SYSTEM32\ntdll.dll
0x00007ffa63910000 - 0x00007ffa639d9000 	C:\WINDOWS\System32\KERNEL32.DLL
0x00007ffa62170000 - 0x00007ffa62563000 	C:\WINDOWS\System32\KERNELBASE.dll
0x00007ffa61ef0000 - 0x00007ffa6203b000 	C:\WINDOWS\System32\ucrtbase.dll
0x00007ffa4d670000 - 0x00007ffa4d68e000 	C:\Program Files\Java\jdk-25\bin\VCRUNTIME140.dll
0x00007ffa4d650000 - 0x00007ffa4d667000 	C:\Program Files\Java\jdk-25\bin\jli.dll
0x00007ffa63ad0000 - 0x00007ffa63c94000 	C:\WINDOWS\System32\USER32.dll
0x00007ffa62750000 - 0x00007ffa62777000 	C:\WINDOWS\System32\win32u.dll
0x00007ffa62c80000 - 0x00007ffa62cab000 	C:\WINDOWS\System32\GDI32.dll
0x00007ffa62570000 - 0x00007ffa6269d000 	C:\WINDOWS\System32\gdi32full.dll
0x00007ffa626a0000 - 0x00007ffa62743000 	C:\WINDOWS\System32\msvcp_win.dll
0x00007ffa47470000 - 0x00007ffa47703000 	C:\WINDOWS\WinSxS\amd64_microsoft.windows.common-controls_6595b64144ccf1df_6.0.26100.5074_none_3e0d6f78e32fd63f\COMCTL32.dll
0x00007ffa63820000 - 0x00007ffa638c9000 	C:\WINDOWS\System32\msvcrt.dll
0x00007ffa63ca0000 - 0x00007ffa63ccf000 	C:\WINDOWS\System32\IMM32.DLL
0x00007ffa4d4d0000 - 0x00007ffa4d4dc000 	C:\Program Files\Java\jdk-25\bin\vcruntime140_1.dll
0x00007ffa2e240000 - 0x00007ffa2e2cd000 	C:\Program Files\Java\jdk-25\bin\msvcp140.dll
0x00007ff9ccba0000 - 0x00007ff9cd9ff000 	C:\Program Files\Java\jdk-25\bin\server\jvm.dll
0x00007ffa63ed0000 - 0x00007ffa63f84000 	C:\WINDOWS\System32\ADVAPI32.dll
0x00007ffa629d0000 - 0x00007ffa62a76000 	C:\WINDOWS\System32\sechost.dll
0x00007ffa62d40000 - 0x00007ffa62e58000 	C:\WINDOWS\System32\RPCRT4.dll
0x00007ffa63a50000 - 0x00007ffa63ac4000 	C:\WINDOWS\System32\WS2_32.dll
0x00007ffa61980000 - 0x00007ffa619de000 	C:\WINDOWS\SYSTEM32\POWRPROF.dll
0x00007ffa5abf0000 - 0x00007ffa5ac25000 	C:\WINDOWS\SYSTEM32\WINMM.dll
0x00007ffa5ac30000 - 0x00007ffa5ac3b000 	C:\WINDOWS\SYSTEM32\VERSION.dll
0x00007ffa61960000 - 0x00007ffa61974000 	C:\WINDOWS\SYSTEM32\UMPDC.dll
0x00007ffa60a90000 - 0x00007ffa60aab000 	C:\WINDOWS\SYSTEM32\kernel.appcore.dll
0x00007ffa4d4c0000 - 0x00007ffa4d4ca000 	C:\Program Files\Java\jdk-25\bin\jimage.dll
0x00007ffa5f4c0000 - 0x00007ffa5f702000 	C:\WINDOWS\SYSTEM32\DBGHELP.DLL
0x00007ffa634a0000 - 0x00007ffa6381b000 	C:\WINDOWS\System32\combase.dll
0x00007ffa63df0000 - 0x00007ffa63ec7000 	C:\WINDOWS\System32\OLEAUT32.dll
0x00007ffa41df0000 - 0x00007ffa41e2d000 	C:\WINDOWS\SYSTEM32\dbgcore.DLL
0x00007ffa62040000 - 0x00007ffa620d9000 	C:\WINDOWS\System32\bcryptPrimitives.dll
0x00007ffa46fc0000 - 0x00007ffa46fd0000 	C:\Program Files\Java\jdk-25\bin\instrument.dll
0x00007ffa4d3e0000 - 0x00007ffa4d3ff000 	C:\Program Files\Java\jdk-25\bin\java.dll
0x00007ffa62e70000 - 0x00007ffa63008000 	C:\WINDOWS\System32\ole32.dll
0x00007ffa63f90000 - 0x00007ffa646dd000 	C:\WINDOWS\System32\SHELL32.dll
0x00007ffa62780000 - 0x00007ffa628ec000 	C:\WINDOWS\System32\wintypes.dll

JVMTI agents:
C:\Program Files\JetBrains\IntelliJ IDEA 2025.2.2\lib\idea_rt.jar path:none, loaded, not initialized, instrumentlib options:35135

dbghelp: loaded successfully - version: 4.0.5 - missing functions: none
symbol engine: initialized successfully - sym options: 0x614 - pdb path: .;C:\Program Files\Java\jdk-25\bin;C:\WINDOWS\SYSTEM32;C:\WINDOWS\WinSxS\amd64_microsoft.windows.common-controls_6595b64144ccf1df_6.0.26100.5074_none_3e0d6f78e32fd63f;C:\Program Files\Java\jdk-25\bin\server

VM Arguments:
jvm_args: -XX:TieredStopAtLevel=1 -Dspring.output.ansi.enabled=always -Dcom.sun.management.jmxremote -Dspring.jmx.enabled=true -Dspring.liveBeansView.mbeanDomain -Dspring.application.admin.enabled=true -Dmanagement.endpoints.jmx.exposure.include=* -javaagent:C:\Program Files\JetBrains\IntelliJ IDEA 2025.2.2\lib\idea_rt.jar=35135 -Dfile.encoding=UTF-8 -Dsun.stdout.encoding=UTF-8 -Dsun.stderr.encoding=UTF-8 
java_command: com.ecommerce.configserver.ConfigserverApplication
java_class_path (initial): D:\JOBS-2025\Courses before jobs\Java Spring Boot - udemy\ecom-application\Microservices\configserver\configserver\target\classes;C:\Users\maysa\.m2\repository\org\springframework\cloud\spring-cloud-config-server\4.3.0\spring-cloud-config-server-4.3.0.jar;C:\Users\maysa\.m2\repository\org\springframework\cloud\spring-cloud-config-client\4.3.0\spring-cloud-config-client-4.3.0.jar;C:\Users\maysa\.m2\repository\org\springframework\boot\spring-boot-autoconfigure\3.5.6\spring-boot-autoconfigure-3.5.6.jar;C:\Users\maysa\.m2\repository\org\springframework\cloud\spring-cloud-starter\4.3.0\spring-cloud-starter-4.3.0.jar;C:\Users\maysa\.m2\repository\org\springframework\cloud\spring-cloud-context\4.3.0\spring-cloud-context-4.3.0.jar;C:\Users\maysa\.m2\repository\org\springframework\cloud\spring-cloud-commons\4.3.0\spring-cloud-commons-4.3.0.jar;C:\Users\maysa\.m2\repository\org\bouncycastle\bcprov-jdk18on\1.80\bcprov-jdk18on-1.80.jar;C:\Users\maysa\.m2\repository\org\springframework\spring-web\6.2.11\spring-web-6.2.11.jar;C:\Users\maysa\.m2\repository\org\springframework\spring-beans\6.2.11\spring-beans-6.2.11.jar;C:\Users\maysa\.m2\repository\com\fasterxml\jackson\core\jackson-annotations\2.19.2\jackson-annotations-2.19.2.jar;C:\Users\maysa\.m2\repository\com\fasterxml\jackson\core\jackson-databind\2.19.2\jackson-databind-2.19.2.jar;C:\Users\maysa\.m2\repository\io\micrometer\micrometer-observation\1.15.4\micrometer-observation-1.15.4.jar;C:\Users\maysa\.m2\repository\io\micrometer\micrometer-commons\1.15.4\micrometer-commons-1.15.4.jar;C:\Users\maysa\.m2\repository\org\springframework\boot\spring-boot-starter-web\3.5.6\spring-boot-starter-web-3.5.6.jar;C:\Users\maysa\.m2\repository\org\springframework\boot\spring-boot-starter-json\3.5.6\spring-boot-starter-json-3.5.6.jar;C:\Users\maysa\.m2\repository\com\fasterxml\jackson\datatype\jackson-datatype-jdk8\2.19.2\jackson-datatype-jdk8-2.19.2.jar;C:\Users\maysa\.m2\repository\com\fasterxml\jackson\module\jackson-module-parameter-names\2.19.2\jackson-module-parameter-names-2.19.2.jar;C:\Users\maysa\.m2\repository\org\springframework\boot\spring-boot-starter-tomcat\3.5.6\spring-boot-starter-tomcat-3.5.6.jar;C:\Users\maysa\.m2\repository\org\apache\tomcat\embed\tomcat-embed-core\10.1.46\tomcat-embed-core-10.1.46.jar;C:\Users\maysa\.m2\repository\org\apache\tomcat\embed\tomcat-embed-websocket\10.1.46\tomcat-embed-websocket-10.1.46.jar;C:\Users\maysa\.m2\repository\org\springframework\spring-webmvc\6.2.11\spring-webmvc-6.2.11.jar;C:\Users\maysa\.m2\repository\org\springframework\spring-aop\6.2.11\spring-aop-6.2.11.jar;C:\Users\maysa\.m2\repository\org\springframework\spring-context\6.2.11\spring-context-6.2.11.jar;C:\Users\maysa\.m2\repository\org\springframework\spring-expression\6.2.11\spring-expression-6.2.11.jar;C:\Users\maysa\.m2\repository\org\springframework\boot\spring-boot-starter-validation\3.5.6\spring-boot-starter-validation-3.5.6.jar;C:\Users\maysa\.m2\repository\org\apache\tomcat\embed\tomcat-embed-el\10.1.46\tomcat-embed-el-10.1.46.jar;C:\Users\maysa\.m2\repository\org\hibernate\validator\hibernate-validator\8.0.3.Final\hibernate-validator-8.0.3.Final.jar;C:\Users\maysa\.m2\repository\jakarta\validation\jakarta.validation-api\3.0.2\jakarta.validation-api-3.0.2.jar;C:\Users\maysa\.m2\repository\org\jboss\logging\jboss-logging\3.6.1.Final\jboss-logging-3.6.1.Final.jar;C:\Users\maysa\.m2\repository\com\fasterxml\classmate\1.7.0\classmate-1.7.0.jar;C:\Users\maysa\.m2\repository\org\springframework\security\spring-security-crypto\6.5.5\spring-security-crypto-6.5.5.jar;C:\Users\maysa\.m2\repository\org\apache\httpcomponents\client5\httpclient5\5.5\httpclient5-5.5.jar;C:\Users\maysa\.m2\repository\org\apache\httpcomponents\core5\httpcore5\5.3.5\httpcore5-5.3.5.jar;C:\Users\maysa\.m2\repository\org\apache\httpcomponents\core5\httpcore5-h2\5.3.5\httpcore5-h2-5.3.5.jar;C:\Users\maysa\.m2\repository\org\slf4j\slf4j-api\2.0.17\slf4j-api-2.0.17.jar;C:\Users\maysa\.m2\repository\org\eclipse\jgit\org.eclipse.jgit\6.10.1.202505221210-r\org.eclipse.jgit-6.10.1.202505221210-r.jar;C:\Users\maysa\.m2\repository\com\googlecode\javaewah\JavaEWAH\1.2.3\JavaEWAH-1.2.3.jar;C:\Users\maysa\.m2\repository\commons-codec\commons-codec\1.18.0\commons-codec-1.18.0.jar;C:\Users\maysa\.m2\repository\org\eclipse\jgit\org.eclipse.jgit.http.apache\6.10.1.202505221210-r\org.eclipse.jgit.http.apache-6.10.1.202505221210-r.jar;C:\Users\maysa\.m2\repository\org\apache\httpcomponents\httpclient\4.5.14\httpclient-4.5.14.jar;C:\Users\maysa\.m2\repository\commons-logging\commons-logging\1.2\commons-logging-1.2.jar;C:\Users\maysa\.m2\repository\org\apache\httpcomponents\httpcore\4.4.16\httpcore-4.4.16.jar;C:\Users\maysa\.m2\repository\org\eclipse\jgit\org.eclipse.jgit.ssh.apache\6.10.1.202505221210-r\org.eclipse.jgit.ssh.apache-6.10.1.202505221210-r.jar;C:\Users\maysa\.m2\repository\org\apache\sshd\sshd-osgi\2.14.0\sshd-osgi-2.14.0.jar;C:\Users\maysa\.m2\repository\org\slf4j\jcl-over-slf4j\2.0.17\jcl-over-slf4j-2.0.17.jar;C:\Users\maysa\.m2\repository\org\apache\sshd\sshd-sftp\2.14.0\sshd-sftp-2.14.0.jar;C:\Users\maysa\.m2\repository\net\i2p\crypto\eddsa\0.3.0\eddsa-0.3.0.jar;C:\Users\maysa\.m2\repository\org\yaml\snakeyaml\2.4\snakeyaml-2.4.jar;C:\Users\maysa\.m2\repository\com\fasterxml\jackson\dataformat\jackson-dataformat-yaml\2.19.2\jackson-dataformat-yaml-2.19.2.jar;C:\Users\maysa\.m2\repository\com\fasterxml\jackson\core\jackson-core\2.19.2\jackson-core-2.19.2.jar;C:\Users\maysa\.m2\repository\org\springframework\boot\spring-boot-starter\3.5.6\spring-boot-starter-3.5.6.jar;C:\Users\maysa\.m2\repository\org\springframework\boot\spring-boot\3.5.6\spring-boot-3.5.6.jar;C:\Users\maysa\.m2\repository\org\springframework\boot\spring-boot-starter-logging\3.5.6\spring-boot-starter-logging-3.5.6.jar;C:\Users\maysa\.m2\repository\ch\qos\logback\logback-classic\1.5.18\logback-classic-1.5.18.jar;C:\Users\maysa\.m2\repository\ch\qos\logback\logback-core\1.5.18\logback-core-1.5.18.jar;C:\Users\maysa\.m2\repository\org\apache\logging\log4j\log4j-to-slf4j\2.24.3\log4j-to-slf4j-2.24.3.jar;C:\Users\maysa\.m2\repository\org\apache\logging\log4j\log4j-api\2.24.3\log4j-api-2.24.3.jar;C:\Users\maysa\.m2\repository\org\slf4j\jul-to-slf4j\2.0.17\jul-to-slf4j-2.0.17.jar;C:\Users\maysa\.m2\repository\jakarta\annotation\jakarta.annotation-api\2.1.1\jakarta.annotation-api-2.1.1.jar;C:\Users\maysa\.m2\repository\org\springframework\spring-core\6.2.11\spring-core-6.2.11.jar;C:\Users\maysa\.m2\repository\org\springframework\spring-jcl\6.2.11\spring-jcl-6.2.11.jar;C:\Users\maysa\.m2\repository\org\springframework\cloud\spring-cloud-starter-bus-amqp\4.3.0\spring-cloud-starter-bus-amqp-4.3.0.jar;C:\Users\maysa\.m2\repository\org\springframework\cloud\spring-cloud-starter-stream-rabbit\4.3.0\spring-cloud-starter-stream-rabbit-4.3.0.jar;C:\Users\maysa\.m2\repository\org\springframework\cloud\spring-cloud-stream-binder-rabbit\4.3.0\spring-cloud-stream-binder-rabbit-4.3.0.jar;C:\Users\maysa\.m2\repository\org\springframework\cloud\spring-cloud-stream-binder-rabbit-core\4.3.0\spring-cloud-stream-binder-rabbit-core-4.3.0.jar;C:\Users\maysa\.m2\repository\org\springframework\boot\spring-boot-starter-webflux\3.5.6\spring-boot-starter-webflux-3.5.6.jar;C:\Users\maysa\.m2\repository\org\springframework\boot\spring-boot-starter-reactor-netty\3.5.6\spring-boot-starter-reactor-netty-3.5.6.jar;C:\Users\maysa\.m2\repository\io\projectreactor\netty\reactor-netty-http\1.2.10\reactor-netty-http-1.2.10.jar;C:\Users\maysa\.m2\repository\io\netty\netty-codec-http\4.1.127.Final\netty-codec-http-4.1.127.Final.jar;C:\Users\maysa\.m2\repository\io\netty\netty-common\4.1.127.Final\netty-common-4.1.127.Final.jar;C:\Users\maysa\.m2\repository\io\netty\netty-buffer\4.1.127.Final\netty-buffer-4.1.127.Final.jar;C:\Users\maysa\.m2\repository\io\netty\netty-transport\4.1.127.Final\netty-transport-4.1.127.Final.jar;C:\Users\maysa\.m2\repository\io\netty\netty-codec\4.1.127.Final\netty-codec-4.1.127.Final.jar;C:\Users\maysa\.m2\repository\io\netty\netty-handler\4.1.127.Final\netty-handler-4.1.127.Final.jar;C:\Users\maysa\.m2\repository\io\netty\netty-codec-http2\4.1.127.Final\netty-codec-http2-4.1.127.Final.jar;C:\Users\maysa\.m2\repository\io\netty\netty-resolver-dns\4.1.127.Final\netty-resolver-dns-4.1.127.Final.jar;C:\Users\maysa\.m2\repository\io\netty\netty-resolver\4.1.127.Final\netty-resolver-4.1.127.Final.jar;C:\Users\maysa\.m2\repository\io\netty\netty-codec-dns\4.1.127.Final\netty-codec-dns-4.1.127.Final.jar;C:\Users\maysa\.m2\repository\io\netty\netty-resolver-dns-native-macos\4.1.127.Final\netty-resolver-dns-native-macos-4.1.127.Final-osx-x86_64.jar;C:\Users\maysa\.m2\repository\io\netty\netty-resolver-dns-classes-macos\4.1.127.Final\netty-resolver-dns-classes-macos-4.1.127.Final.jar;C:\Users\maysa\.m2\repository\io\netty\netty-transport-native-epoll\4.1.127.Final\netty-transport-native-epoll-4.1.127.Final-linux-x86_64.jar;C:\Users\maysa\.m2\repository\io\netty\netty-transport-native-unix-common\4.1.127.Final\netty-transport-native-unix-common-4.1.127.Final.jar;C:\Users\maysa\.m2\repository\io\netty\netty-transport-classes-epoll\4.1.127.Final\netty-transport-classes-epoll-4.1.127.Final.jar;C:\Users\maysa\.m2\repository\io\projectreactor\netty\reactor-netty-core\1.2.10\reactor-netty-core-1.2.10.jar;C:\Users\maysa\.m2\repository\io\netty\netty-handler-proxy\4.1.127.Final\netty-handler-proxy-4.1.127.Final.jar;C:\Users\maysa\.m2\repository\io\netty\netty-codec-socks\4.1.127.Final\netty-codec-socks-4.1.127.Final.jar;C:\Users\maysa\.m2\repository\org\springframework\spring-webflux\6.2.11\spring-webflux-6.2.11.jar;C:\Users\maysa\.m2\repository\org\springframework\cloud\spring-cloud-stream\4.3.0\spring-cloud-stream-4.3.0.jar;C:\Users\maysa\.m2\repository\org\springframework\cloud\spring-cloud-function-context\4.3.0\spring-cloud-function-context-4.3.0.jar;C:\Users\maysa\.m2\repository\org\springframework\cloud\spring-cloud-function-core\4.3.0\spring-cloud-function-core-4.3.0.jar;C:\Users\maysa\.m2\repository\com\fasterxml\jackson\datatype\jackson-datatype-joda\2.19.2\jackson-datatype-joda-2.19.2.jar;C:\Users\maysa\.m2\repository\joda-time\joda-time\2.12.7\joda-time-2.12.7.jar;C:\Users\maysa\.m2\repository\org\springframework\boot\spring-boot-starter-amqp\3.5.6\spring-boot-starter-amqp-3.5.6.jar;C:\Users\maysa\.m2\repository\org\springframework\amqp\spring-rabbit\3.2.7\spring-rabbit-3.2.7.jar;C:\Users\maysa\.m2\repository\org\springframework\amqp\spring-amqp\3.2.7\spring-amqp-3.2.7.jar;C:\Users\maysa\.m2\repository\com\rabbitmq\amqp-client\5.25.0\amqp-client-5.25.0.jar;C:\Users\maysa\.m2\repository\org\springframework\integration\spring-integration-amqp\6.5.2\spring-integration-amqp-6.5.2.jar;C:\Users\maysa\.m2\repository\org\springframework\integration\spring-integration-jmx\6.5.2\spring-integration-jmx-6.5.2.jar;C:\Users\maysa\.m2\repository\org\springframework\cloud\spring-cloud-bus\4.3.0\spring-cloud-bus-4.3.0.jar;C:\Users\maysa\.m2\repository\org\springframework\integration\spring-integration-core\6.5.2\spring-integration-core-6.5.2.jar;C:\Users\maysa\.m2\repository\org\springframework\spring-messaging\6.2.11\spring-messaging-6.2.11.jar;C:\Users\maysa\.m2\repository\org\springframework\spring-tx\6.2.11\spring-tx-6.2.11.jar;C:\Users\maysa\.m2\repository\org\springframework\retry\spring-retry\2.0.12\spring-retry-2.0.12.jar;C:\Users\maysa\.m2\repository\io\projectreactor\reactor-core\3.7.11\reactor-core-3.7.11.jar;C:\Users\maysa\.m2\repository\org\reactivestreams\reactive-streams\1.0.4\reactive-streams-1.0.4.jar;C:\Users\maysa\.m2\repository\org\springframework\boot\spring-boot-starter-actuator\3.5.6\spring-boot-starter-actuator-3.5.6.jar;C:\Users\maysa\.m2\repository\org\springframework\boot\spring-boot-actuator-autoconfigure\3.5.6\spring-boot-actuator-autoconfigure-3.5.6.jar;C:\Users\maysa\.m2\repository\org\springframework\boot\spring-boot-actuator\3.5.6\spring-boot-actuator-3.5.6.jar;C:\Users\maysa\.m2\repository\com\fasterxml\jackson\datatype\jackson-datatype-jsr310\2.19.2\jackson-datatype-jsr310-2.19.2.jar;C:\Users\maysa\.m2\repository\io\micrometer\micrometer-jakarta9\1.15.4\micrometer-jakarta9-1.15.4.jar;C:\Users\maysa\.m2\repository\io\micrometer\micrometer-core\1.15.4\micrometer-core-1.15.4.jar;C:\Users\maysa\.m2\repository\org\hdrhistogram\HdrHistogram\2.2.2\HdrHistogram-2.2.2.jar;C:\Users\maysa\.m2\repository\org\latencyutils\LatencyUtils\2.0.3\LatencyUtils-2.0.3.jar
Launcher Type: SUN_STANDARD

[Global flags]
     intx CICompilerCount                          = 3                                         {product} {ergonomic}
     uint ConcGCThreads                            = 2                                         {product} {ergonomic}
     uint G1ConcRefinementThreads                  = 6                                         {product} {ergonomic}
   size_t G1HeapRegionSize                         = 1048576                                   {product} {ergonomic}
   size_t InitialHeapSize                          = 123731968                                 {product} {ergonomic}
     bool ManagementServer                         = true                                      {product} {command line}
   size_t MarkStackSize                            = 4194304                                   {product} {ergonomic}
   size_t MarkStackSizeMax                         = 536870912                                 {product} {ergonomic}
   size_t MaxHeapSize                              = 1977614336                                {product} {ergonomic}
   size_t MinHeapDeltaBytes                        = 1048576                                   {product} {ergonomic}
   size_t MinHeapSize                              = 8388608                                   {product} {ergonomic}
    uintx NonNMethodCodeHeapSize                   = 4096                                   {pd product} {ergonomic}
    uintx NonProfiledCodeHeapSize                  = 0                                      {pd product} {ergonomic}
     bool ProfileInterpreter                       = false                                  {pd product} {command line}
    uintx ProfiledCodeHeapSize                     = 0                                      {pd product} {ergonomic}
   size_t SoftMaxHeapSize                          = 1977614336                             {manageable} {ergonomic}
     intx TieredStopAtLevel                        = 1                                         {product} {command line}
     bool UseCompressedOops                        = true                           {product lp64_product} {ergonomic}
     bool UseG1GC                                  = true                                      {product} {ergonomic}
     bool UseLargePagesIndividualAllocation        = false                                  {pd product} {ergonomic}

Logging:
Log output configuration:
 #0: stdout all=warning uptime,level,tags foldmultilines=false
 #1: stderr all=off uptime,level,tags foldmultilines=false

Release file:
<release file has not been read>
Environment Variables:
JAVA_HOME=C:\Program Files\Java\jdk-23
PATH=C:\Program Files\Common Files\Oracle\Java\javapath;C:\Ruby32-x64\bin;C:\Python312\Scripts\;C:\Python312\;C:\Program Files (x86)\Embarcadero\Studio\21.0\bin;C:\Users\Public\Documents\Embarcadero\Studio\21.0\Bpl;C:\Program Files (x86)\Embarcadero\Studio\21.0\bin64;C:\Users\Public\Documents\Embarcadero\Studio\21.0\Bpl\Win64;C:\windows\system32;C:\windows;C:\windows\System32\Wbem;C:\windows\System32\WindowsPowerShell\v1.0\;C:\windows\System32\OpenSSH\;C:\Program Files\dotnet\;C:\Program Files\Microsoft VS Code\bin;C:\TDM-GCC-32\bin;C:\WINDOWS\system32;C:\WINDOWS;C:\WINDOWS\System32\Wbem;C:\WINDOWS\System32\WindowsPowerShell\v1.0\;C:\WINDOWS\System32\OpenSSH\;C:\Program Files\Docker\Docker\resources\bin;C:\xampp\php;C:\ProgramData\ComposerSetup\bin;C:\ProgramData\chocolatey\bin;D:\MAP\commandlinetools-win-11076708_latest\cmdline-tools\platform-tools;D:\MAP\commandlinetools-win-11076708_latest\cmdline-tools\platform;C:\Program Files\HP\HP One Agent;C:\Program Files\Java\jdk-11\bin;C:\Program Files\Git\bin;C:\Program Files\Git\cmd;C:\Users\maysa\AppData\Local\Pub\Cache\bin;C:\Users\maysa\Desktop\scrcpy-win64-v2.4\scrcpy-win64-v2.4;C:\php-8.2.6-Win32-vs16-x64;C:\Program Files\Java\jdk-23\bin;C:\WINDOWS\system32;C:\WINDOWS;C:\WINDOWS\System32\Wbem;C:\WINDOWS\System32\WindowsPowerShell\v1.0\;C:\WINDOWS\System32\OpenSSH\;C:\Program Files\Java\jdk-21\bin;C:\Program Files\nodejs\;C:\Program Files\Java\jdk-25\bin;C:\Program Files\Java\jdk-21\bin;C:\Program Files\MongoDB\Server\8.2\bin;C:\Program Files\MongoDB\mongosh-2.5.8-win32-x64\bin;C:\Program Files\MySQL\MySQL Shell 8.0\bin\;C:\Users\maysa\anaconda3;C:\Users\maysa\anaconda3\Library\mingw-w64\bin;C:\Users\maysa\anaconda3\Library\usr\bin;C:\Users\maysa\anaconda3\Library\bin;C:\Users\maysa\anaconda3\Scripts;c:\mingw\bin;C:\Users\maysa\AppData\Local\Microsoft\WindowsApps;C:\Users\maysa\AppData\Local\Programs\Microsoft VS Code\bin;C:\Program Files\JetBrains\PyCharm Community Edition 2021.3.2\bin;C:\Users\maysa\.dotnet\tools;C:\MinGW\bin;C:\Users\maysa\AppData\Local\Microsoft\WindowsApps;C:\Program Files\JetBrains\IntelliJ IDEA Community Edition 2023.1.1\bin;C:\Users\maysa\AppData\Roaming\Composer\vendor\bin;C:\Users\maysa\AppData\Local\GitHubDesktop\bin;C:\Program Files\heroku\bin;C:\flutter\bin;C:\Users\maysa\AppData\Roaming\npm;C:\Users\maysa\AppData\Local\Programs\cursor\resources\app\bin;C:\Users\maysa\.dotnet\tools;C:\Program Files\JetBrains\IntelliJ IDEA 2025.2.2\bin;C:\Users\maysa\AppData\Local\JetBrains\Toolbox\scripts;C:\Program Files\JetBrains\IntelliJ IDEA Community Edition 2025.2.2\bin
USERNAME=maysa
OS=Windows_NT
PROCESSOR_IDENTIFIER=AMD64 Family 23 Model 96 Stepping 1, AuthenticAMD
TMP=C:\Users\maysa\AppData\Local\Temp
TEMP=C:\Users\maysa\AppData\Local\Temp




Compilation memory statistics disabled.

Periodic native trim disabled

---------------  S Y S T E M  ---------------

OS:
 Windows 11 , 64 bit Build 26100 (10.0.26100.5074)
OS uptime: 3 days 22:35 hours
Hyper-V role detected

CPU: total 6 (initial active 6) (6 cores per cpu, 1 threads per core) family 23 model 96 stepping 1 microcode 0x8600106, cx8, cmov, fxsr, mmx, 3dnowpref, sse, sse2, sse3, ssse3, sse4a, sse4.1, sse4.2, popcnt, lzcnt, tsc, tscinvbit, avx, avx2, aes, clmul, bmi1, bmi2, adx, sha, fma, vzeroupper, clflush, clflushopt, clwb, hv, rdtscp, rdpid, f16c
Processor Information for the first 6 processors :
  Max Mhz: 2375, Current Mhz: 2375, Mhz Limit: 2375

Memory: 4k page, system-wide physical 7537M (442M free)
TotalPageFile size 31089M (AvailPageFile size 41M)
current process WorkingSet (physical memory assigned to process): 13M, peak: 13M
current process commit charge ("private bytes"): 52M, peak: 169M

vm_info: Java HotSpot(TM) 64-Bit Server VM (25+37-LTS-3491) for windows-amd64 JRE (25+37-LTS-3491), built on 2025-08-14T21:13:00Z with unknown MS VC++:1943

END.
