2025-10-08T12:51:00.791+03:00  INFO 20888 --- [user-service] [main] com.ecommerce.user.UserApplication       : Starting UserApplication using Java 25 with PID 20888 (D:\JOBS-2025\Courses before jobs\Java Spring Boot - udemy\ecom-application\Microservices\user\user\target\classes started by maysa in D:\JOBS-2025\Courses before jobs\Java Spring Boot - udemy\ecom-application\Microservices)
2025-10-08T12:51:00.794+03:00 DEBUG 20888 --- [user-service] [main] com.ecommerce.user.UserApplication       : Running with Spring Boot v3.5.6, Spring v6.2.11
2025-10-08T12:51:00.796+03:00  INFO 20888 --- [user-service] [main] com.ecommerce.user.UserApplication       : No active profile set, falling back to 1 default profile: "default"
2025-10-08T12:51:00.853+03:00  INFO 20888 --- [user-service] [main] o.s.c.c.c.ConfigServerConfigDataLoader   : Fetching config from server at : http://localhost:8888/
2025-10-08T12:51:00.853+03:00  INFO 20888 --- [user-service] [main] o.s.c.c.c.ConfigServerConfigDataLoader   : Located environment: name=user-service, profiles=[default], label=null, version=null, state=null
2025-10-08T12:51:02.296+03:00  INFO 20888 --- [user-service] [main] .s.d.r.c.RepositoryConfigurationDelegate : Bootstrapping Spring Data MongoDB repositories in DEFAULT mode.
2025-10-08T12:51:02.455+03:00  INFO 20888 --- [user-service] [main] .s.d.r.c.RepositoryConfigurationDelegate : Finished Spring Data repository scanning in 152 ms. Found 1 MongoDB repository interface.
2025-10-08T12:51:02.688+03:00  INFO 20888 --- [user-service] [main] faultConfiguringBeanFactoryPostProcessor : No bean named 'errorChannel' has been explicitly defined. Therefore, a default PublishSubscribeChannel will be created.
2025-10-08T12:51:02.697+03:00  INFO 20888 --- [user-service] [main] faultConfiguringBeanFactoryPostProcessor : No bean named 'integrationHeaderChannelRegistry' has been explicitly defined. Therefore, a default DefaultHeaderChannelRegistry will be created.
2025-10-08T12:51:02.827+03:00  INFO 20888 --- [user-service] [main] o.s.cloud.context.scope.GenericScope     : BeanFactory id=5a7be95a-9a66-3def-a034-21ff10f32be1
2025-10-08T12:51:03.366+03:00  INFO 20888 --- [user-service] [main] o.s.b.w.embedded.tomcat.TomcatWebServer  : Tomcat initialized with port 8082 (http)
2025-10-08T12:51:03.389+03:00  INFO 20888 --- [user-service] [main] o.apache.catalina.core.StandardService   : Starting service [Tomcat]
2025-10-08T12:51:03.389+03:00  INFO 20888 --- [user-service] [main] o.apache.catalina.core.StandardEngine    : Starting Servlet engine: [Apache Tomcat/10.1.46]
2025-10-08T12:51:03.498+03:00  INFO 20888 --- [user-service] [main] o.a.c.c.C.[Tomcat].[localhost].[/]       : Initializing Spring embedded WebApplicationContext
2025-10-08T12:51:03.499+03:00  INFO 20888 --- [user-service] [main] w.s.c.ServletWebServerApplicationContext : Root WebApplicationContext: initialization completed in 2643 ms
2025-10-08T12:51:04.022+03:00  INFO 20888 --- [user-service] [main] org.mongodb.driver.client                : MongoClient with metadata {"driver": {"name": "mongo-java-driver|sync|spring-boot", "version": "5.5.1"}, "os": {"type": "Windows", "name": "Windows 11", "architecture": "amd64", "version": "10.0"}, "platform": "Java/Oracle Corporation/25+37-LTS-3491"} created with settings MongoClientSettings{readPreference=primary, writeConcern=WriteConcern{w=null, wTimeout=null ms, journal=null}, retryWrites=true, retryReads=true, readConcern=ReadConcern{level=null}, credential=null, transportSettings=null, commandListeners=[io.micrometer.core.instrument.binder.mongodb.MongoMetricsCommandListener@47e725af], codecRegistry=ProvidersCodecRegistry{codecProviders=[ValueCodecProvider{}, BsonValueCodecProvider{}, DBRefCodecProvider{}, DBObjectCodecProvider{}, DocumentCodecProvider{}, CollectionCodecProvider{}, IterableCodecProvider{}, MapCodecProvider{}, GeoJsonCodecProvider{}, GridFSFileCodecProvider{}, Jsr310CodecProvider{}, JsonObjectCodecProvider{}, BsonCodecProvider{}, EnumCodecProvider{}, com.mongodb.client.model.mql.ExpressionCodecProvider@247dcbba, com.mongodb.Jep395RecordCodecProvider@535be281, com.mongodb.KotlinCodecProvider@20db19ff]}, loggerSettings=LoggerSettings{maxDocumentLength=1000}, clusterSettings={hosts=[localhost:5051], srvServiceName=mongodb, mode=SINGLE, requiredClusterType=UNKNOWN, requiredReplicaSetName='null', serverSelector='null', clusterListeners='[]', serverSelectionTimeout='30000 ms', localThreshold='15 ms'}, socketSettings=SocketSettings{connectTimeoutMS=10000, readTimeoutMS=0, receiveBufferSize=0, proxySettings=ProxySettings{host=null, port=null, username=null, password=null}}, heartbeatSocketSettings=SocketSettings{connectTimeoutMS=10000, readTimeoutMS=10000, receiveBufferSize=0, proxySettings=ProxySettings{host=null, port=null, username=null, password=null}}, connectionPoolSettings=ConnectionPoolSettings{maxSize=100, minSize=0, maxWaitTimeMS=120000, maxConnectionLifeTimeMS=0, maxConnectionIdleTimeMS=0, maintenanceInitialDelayMS=0, maintenanceFrequencyMS=60000, connectionPoolListeners=[io.micrometer.core.instrument.binder.mongodb.MongoMetricsConnectionPoolListener@5eef8a16], maxConnecting=2}, serverSettings=ServerSettings{heartbeatFrequencyMS=10000, minHeartbeatFrequencyMS=500, serverMonitoringMode=AUTO, serverListeners='[]', serverMonitorListeners='[]'}, sslSettings=SslSettings{enabled=false, invalidHostNameAllowed=false, context=null}, applicationName='null', compressorList=[], uuidRepresentation=JAVA_LEGACY, serverApi=null, autoEncryptionSettings=null, dnsClient=null, inetAddressResolver=null, contextProvider=null, timeoutMS=null}
2025-10-08T12:51:04.035+03:00  INFO 20888 --- [user-service] [cluster-ClusterId{value='68e63407db4a46eee3350ea8', description='null'}-localhost:5051] org.mongodb.driver.cluster               : Monitor thread successfully connected to server with description ServerDescription{address=localhost:5051, type=STANDALONE, cryptd=false, state=CONNECTED, ok=true, minWireVersion=0, maxWireVersion=27, maxDocumentSize=16777216, logicalSessionTimeoutMinutes=30, roundTripTimeNanos=26730400, minRoundTripTimeNanos=0}
2025-10-08T12:51:05.503+03:00  WARN 20888 --- [user-service] [main] c.f.c.c.BeanFactoryAwareFunctionRegistry : Failed to locate function 'busConsumer' for function definition 'busConsumer'. Returning null.
2025-10-08T12:51:05.573+03:00  INFO 20888 --- [user-service] [main] o.s.c.s.m.DirectWithAttributesChannel    : Channel 'user-service.springCloudBusInput' has 1 subscriber(s).
2025-10-08T12:51:05.835+03:00  INFO 20888 --- [user-service] [main] DiscoveryClientOptionalArgsConfiguration : Eureka HTTP Client uses RestTemplate.
2025-10-08T12:51:05.888+03:00  WARN 20888 --- [user-service] [main] iguration$LoadBalancerCaffeineWarnLogger : Spring Cloud LoadBalancer is currently working with the default cache. While this cache implementation is useful for development and tests, it's recommended to use Caffeine cache in production.You can switch to using Caffeine cache, by adding it and org.springframework.cache.caffeine.CaffeineCacheManager to the classpath.
2025-10-08T12:51:05.896+03:00  INFO 20888 --- [user-service] [main] o.s.b.a.e.web.EndpointLinksResolver      : Exposing 24 endpoints beneath base path '/actuator'
2025-10-08T12:51:06.046+03:00  INFO 20888 --- [user-service] [main] figuration$IntegrationJmxConfiguration$1 : Registering MessageChannel errorChannel
2025-10-08T12:51:06.054+03:00  INFO 20888 --- [user-service] [main] figuration$IntegrationJmxConfiguration$1 : Registering MessageChannel springCloudBusInput
2025-10-08T12:51:06.059+03:00  INFO 20888 --- [user-service] [main] figuration$IntegrationJmxConfiguration$1 : Registering MessageChannel nullChannel
2025-10-08T12:51:06.065+03:00  INFO 20888 --- [user-service] [main] figuration$IntegrationJmxConfiguration$1 : Registering MessageHandler _org.springframework.integration.errorLogger
2025-10-08T12:51:06.107+03:00  INFO 20888 --- [user-service] [main] o.s.i.endpoint.EventDrivenConsumer       : Adding {logging-channel-adapter:_org.springframework.integration.errorLogger} as a subscriber to the 'errorChannel' channel
2025-10-08T12:51:06.107+03:00  INFO 20888 --- [user-service] [main] o.s.i.channel.PublishSubscribeChannel    : Channel 'user-service.errorChannel' has 1 subscriber(s).
2025-10-08T12:51:06.108+03:00  INFO 20888 --- [user-service] [main] o.s.i.endpoint.EventDrivenConsumer       : started bean '_org.springframework.integration.errorLogger'
2025-10-08T12:51:06.184+03:00  INFO 20888 --- [user-service] [main] o.s.c.n.eureka.InstanceInfoFactory       : Setting initial instance status as: STARTING
2025-10-08T12:51:06.239+03:00  INFO 20888 --- [user-service] [main] com.netflix.discovery.DiscoveryClient    : Initializing Eureka in region us-east-1
2025-10-08T12:51:06.248+03:00  INFO 20888 --- [user-service] [main] c.n.d.s.r.aws.ConfigClusterResolver      : Resolving eureka endpoints via configuration
2025-10-08T12:51:06.273+03:00  INFO 20888 --- [user-service] [main] com.netflix.discovery.DiscoveryClient    : Disable delta property : false
2025-10-08T12:51:06.273+03:00  INFO 20888 --- [user-service] [main] com.netflix.discovery.DiscoveryClient    : Single vip registry refresh property : null
2025-10-08T12:51:06.273+03:00  INFO 20888 --- [user-service] [main] com.netflix.discovery.DiscoveryClient    : Force full registry fetch : false
2025-10-08T12:51:06.274+03:00  INFO 20888 --- [user-service] [main] com.netflix.discovery.DiscoveryClient    : Application is null : false
2025-10-08T12:51:06.274+03:00  INFO 20888 --- [user-service] [main] com.netflix.discovery.DiscoveryClient    : Registered Applications size is zero : true
2025-10-08T12:51:06.274+03:00  INFO 20888 --- [user-service] [main] com.netflix.discovery.DiscoveryClient    : Application version is -1: true
2025-10-08T12:51:06.274+03:00  INFO 20888 --- [user-service] [main] com.netflix.discovery.DiscoveryClient    : Getting all instance registry info from the eureka server
2025-10-08T12:51:06.562+03:00  INFO 20888 --- [user-service] [main] com.netflix.discovery.DiscoveryClient    : The response status is 200
2025-10-08T12:51:06.564+03:00  INFO 20888 --- [user-service] [main] com.netflix.discovery.DiscoveryClient    : Starting heartbeat executor: renew interval is: 30
2025-10-08T12:51:06.566+03:00  INFO 20888 --- [user-service] [main] c.n.discovery.InstanceInfoReplicator     : InstanceInfoReplicator onDemand update allowed rate per min is 4
2025-10-08T12:51:06.569+03:00  INFO 20888 --- [user-service] [main] com.netflix.discovery.DiscoveryClient    : Discovery Client initialized at timestamp 1759917066569 with initial instances count: 2
2025-10-08T12:51:06.573+03:00  INFO 20888 --- [user-service] [main] o.s.c.n.e.s.EurekaServiceRegistry        : Registering application USER-SERVICE with eureka with status UP
2025-10-08T12:51:06.574+03:00  INFO 20888 --- [user-service] [main] com.netflix.discovery.DiscoveryClient    : Saw local status change event StatusChangeEvent [timestamp=1759917066574, current=UP, previous=STARTING]
2025-10-08T12:51:06.576+03:00  INFO 20888 --- [user-service] [DiscoveryClient-InstanceInfoReplicator-%d] com.netflix.discovery.DiscoveryClient    : DiscoveryClient_USER-SERVICE/LAPTOP-OUUFQLKH:user-service:8082: registering service...
2025-10-08T12:51:06.577+03:00  INFO 20888 --- [user-service] [main] o.s.c.s.binder.DefaultBinderFactory      : Creating binder: rabbit
2025-10-08T12:51:06.577+03:00  INFO 20888 --- [user-service] [main] o.s.c.s.binder.DefaultBinderFactory      : Constructing binder child context for rabbit
2025-10-08T12:51:06.618+03:00  INFO 20888 --- [user-service] [DiscoveryClient-InstanceInfoReplicator-%d] com.netflix.discovery.DiscoveryClient    : DiscoveryClient_USER-SERVICE/LAPTOP-OUUFQLKH:user-service:8082 - registration status: 204
2025-10-08T12:51:06.692+03:00  INFO 20888 --- [user-service] [main] o.s.c.s.binder.DefaultBinderFactory      : Caching the binder: rabbit
2025-10-08T12:51:06.704+03:00  INFO 20888 --- [user-service] [main] c.s.b.r.p.RabbitExchangeQueueProvisioner : declaring queue for inbound: springCloudBus.anonymous.GEFjlvuYShOt9_SlsqRvDQ, bound to: springCloudBus
2025-10-08T12:51:06.709+03:00  INFO 20888 --- [user-service] [main] o.s.a.r.c.CachingConnectionFactory       : Attempting to connect to: [localhost:5672]
2025-10-08T12:51:06.773+03:00  INFO 20888 --- [user-service] [main] o.s.a.r.c.CachingConnectionFactory       : Created new connection: rabbitConnectionFactory#3a574a3b:0/SimpleConnection@76b8b6a6 [delegate=amqp://guest@127.0.0.1:5672/, localPort=14775]
2025-10-08T12:51:06.859+03:00  INFO 20888 --- [user-service] [main] o.s.c.stream.binder.BinderErrorChannel   : Channel 'rabbit-293509718.springCloudBusInput.errors' has 1 subscriber(s).
2025-10-08T12:51:06.860+03:00  INFO 20888 --- [user-service] [main] o.s.c.stream.binder.BinderErrorChannel   : Channel 'rabbit-293509718.springCloudBusInput.errors' has 2 subscriber(s).
2025-10-08T12:51:06.892+03:00  INFO 20888 --- [user-service] [main] o.s.i.a.i.AmqpInboundChannelAdapter      : started bean 'inbound.springCloudBus.anonymous.GEFjlvuYShOt9_SlsqRvDQ'
2025-10-08T12:51:06.915+03:00  INFO 20888 --- [user-service] [main] o.s.b.w.embedded.tomcat.TomcatWebServer  : Tomcat started on port 8082 (http) with context path '/'
2025-10-08T12:51:06.916+03:00  INFO 20888 --- [user-service] [main] .s.c.n.e.s.EurekaAutoServiceRegistration : Updating port to 8082
2025-10-08T12:51:06.953+03:00  INFO 20888 --- [user-service] [main] figuration$IntegrationJmxConfiguration$1 : Registering MessageChannel rabbit-293509718.springCloudBusInput.errors
2025-10-08T12:51:06.999+03:00  INFO 20888 --- [user-service] [main] com.ecommerce.user.UserApplication       : Started UserApplication in 8.257 seconds (process running for 9.974)
2025-10-08T12:51:07.473+03:00  INFO 20888 --- [user-service] [RMI TCP Connection(3)-192.168.100.9] o.a.c.c.C.[Tomcat].[localhost].[/]       : Initializing Spring DispatcherServlet 'dispatcherServlet'
2025-10-08T12:51:07.474+03:00  INFO 20888 --- [user-service] [RMI TCP Connection(3)-192.168.100.9] o.s.web.servlet.DispatcherServlet        : Initializing Servlet 'dispatcherServlet'
2025-10-08T12:51:07.477+03:00  INFO 20888 --- [user-service] [RMI TCP Connection(3)-192.168.100.9] o.s.web.servlet.DispatcherServlet        : Completed initialization in 3 ms
2025-10-08T12:56:06.281+03:00  INFO 20888 --- [user-service] [AsyncResolver-bootstrap-executor-%d] c.n.d.s.r.aws.ConfigClusterResolver      : Resolving eureka endpoints via configuration
2025-10-08T12:57:32.441+03:00  INFO 20888 --- [user-service] [SpringApplicationShutdownHook] o.s.c.n.e.s.EurekaServiceRegistry        : Unregistering application USER-SERVICE with eureka with status DOWN
2025-10-08T12:57:32.443+03:00  INFO 20888 --- [user-service] [SpringApplicationShutdownHook] com.netflix.discovery.DiscoveryClient    : Saw local status change event StatusChangeEvent [timestamp=1759917452443, current=DOWN, previous=UP]
2025-10-08T12:57:32.444+03:00  INFO 20888 --- [user-service] [DiscoveryClient-InstanceInfoReplicator-%d] com.netflix.discovery.DiscoveryClient    : DiscoveryClient_USER-SERVICE/LAPTOP-OUUFQLKH:user-service:8082: registering service...
2025-10-08T12:57:32.483+03:00  INFO 20888 --- [user-service] [DiscoveryClient-InstanceInfoReplicator-%d] com.netflix.discovery.DiscoveryClient    : DiscoveryClient_USER-SERVICE/LAPTOP-OUUFQLKH:user-service:8082 - registration status: 204
2025-10-08T12:57:32.645+03:00  INFO 20888 --- [user-service] [SpringApplicationShutdownHook] o.s.b.w.e.tomcat.GracefulShutdown        : Commencing graceful shutdown. Waiting for active requests to complete
2025-10-08T12:57:32.743+03:00  INFO 20888 --- [user-service] [tomcat-shutdown] o.s.b.w.e.tomcat.GracefulShutdown        : Graceful shutdown complete
2025-10-08T12:57:32.917+03:00  INFO 20888 --- [user-service] [SpringApplicationShutdownHook] o.s.a.r.l.SimpleMessageListenerContainer : Waiting for workers to finish.
2025-10-08T12:57:33.481+03:00  INFO 20888 --- [user-service] [SpringApplicationShutdownHook] o.s.a.r.l.SimpleMessageListenerContainer : Successfully waited for workers to finish.
2025-10-08T12:57:33.527+03:00  INFO 20888 --- [user-service] [SpringApplicationShutdownHook] o.s.i.a.i.AmqpInboundChannelAdapter      : stopped bean 'inbound.springCloudBus.anonymous.GEFjlvuYShOt9_SlsqRvDQ'
2025-10-08T12:57:33.697+03:00  INFO 20888 --- [user-service] [SpringApplicationShutdownHook] o.s.c.stream.binder.BinderErrorChannel   : Channel 'user-service.rabbit-293509718.springCloudBusInput.errors' has 1 subscriber(s).
2025-10-08T12:57:33.704+03:00  INFO 20888 --- [user-service] [SpringApplicationShutdownHook] o.s.c.stream.binder.BinderErrorChannel   : Channel 'user-service.rabbit-293509718.springCloudBusInput.errors' has 0 subscriber(s).
2025-10-08T12:57:33.864+03:00  INFO 20888 --- [user-service] [SpringApplicationShutdownHook] o.s.i.endpoint.EventDrivenConsumer       : Removing {logging-channel-adapter:_org.springframework.integration.errorLogger} as a subscriber to the 'errorChannel' channel
2025-10-08T12:57:33.864+03:00  INFO 20888 --- [user-service] [SpringApplicationShutdownHook] o.s.i.channel.PublishSubscribeChannel    : Channel 'user-service.errorChannel' has 0 subscriber(s).
2025-10-08T12:57:33.865+03:00  INFO 20888 --- [user-service] [SpringApplicationShutdownHook] o.s.i.endpoint.EventDrivenConsumer       : stopped bean '_org.springframework.integration.errorLogger'
2025-10-08T12:57:33.984+03:00  INFO 20888 --- [user-service] [SpringApplicationShutdownHook] com.netflix.discovery.DiscoveryClient    : Shutting down DiscoveryClient ...
2025-10-08T12:57:36.986+03:00  INFO 20888 --- [user-service] [SpringApplicationShutdownHook] com.netflix.discovery.DiscoveryClient    : Unregistering ...
2025-10-08T12:57:36.986+03:00  WARN 20888 --- [user-service] [DiscoveryClient-%d] c.netflix.discovery.TimedSupervisorTask  : task supervisor shutting down, can't accept the task
2025-10-08T12:57:36.995+03:00  INFO 20888 --- [user-service] [SpringApplicationShutdownHook] com.netflix.discovery.DiscoveryClient    : DiscoveryClient_USER-SERVICE/LAPTOP-OUUFQLKH:user-service:8082 - deregister  status: 200
2025-10-08T12:57:36.998+03:00  INFO 20888 --- [user-service] [SpringApplicationShutdownHook] com.netflix.discovery.DiscoveryClient    : Completed shut down of DiscoveryClient
